// Jest Snapshot v1, https://goo.gl/fbAQLP

exports[`My Connected React-Redux Component should render with given state from Redux store 1`] = `
<div
  className="sc-bdnxRM gTseO"
>
  <div
    className="sc-gtsrHT eXrpdh"
  />
  <button
    className="sc-hKFxyN iSomKC"
    onClick={[Function]}
  >
    Load More
  </button>
</div>
`;
